// Jest Snapshot v1, https://goo.gl/fbAQLP

exports[`renderFiles() should correctly render the files when the template is a folder 1`] = `
"import React from 'react';

const number = A;

class Bar React.Component {
    render() {
        return <div>Hello world {number}</div>;
    }
}

export default Bar"
`;

exports[`renderFiles() should correctly render the files when the template is a folder 2`] = `
"/*
Styles for Bar component
*/

.root {
    background: red;
}"
`;

exports[`renderFiles() should correctly render the files when the template is a folder 3`] = `
"console.log('Bar');
"
`;

exports[`renderFiles() should correctly render the files when the template is a folder excluding the containing directory if set 1`] = `
"console.log('Bar');
"
`;

exports[`renderFiles() should correctly render the files when the template is a folder excluding the containing directory if set 2`] = `
"import React from 'react';

const number = A;

class Bar React.Component {
    render() {
        return <div>Hello world {number}</div>;
    }
}

export default Bar"
`;

exports[`renderFiles() should correctly render the files when the template is just a path 1`] = `
"import React from 'react';

class Baz React.Component {
    render() {
        return <div>Im a container</div>;
    }
}

export default Baz"
`;

exports[`renderFiles() should throw an error if the output of a template already exists 1`] = `"src/lib/tests/test-templates-output/Bar/index.js already exists."`;
